// Jest Snapshot v1, https://goo.gl/fbAQLP

exports[`styleUtils fadeIn 1`] = `<fadeIn />`;

exports[`styleUtils fadeOut 1`] = `<fadeOut />`;
